src/config/qdrant.ts(10,46): error TS2379: Argument of type '{ url: string; apiKey: string | undefined; }' is not assignable to parameter of type 'QdrantClientParams' with 'exactOptionalPropertyTypes: true'. Consider adding 'undefined' to the types of the target's properties.
  Types of property 'apiKey' are incompatible.
    Type 'string | undefined' is not assignable to type 'string'.
      Type 'undefined' is not assignable to type 'string'.
src/routes/chatbotRoute.ts(8,22): error TS2769: No overload matches this call.
  The last overload gave the following error.
    Argument of type '(req: AuthRequest, res: Response<any, Record<string, any>>) => Promise<Response<any, Record<string, any>> | undefined>' is not assignable to parameter of type 'Application<Record<string, any>>'.
      Type '(req: AuthRequest, res: Response<any, Record<string, any>>) => Promise<Response<any, Record<string, any>> | undefined>' is missing the following properties from type 'Application<Record<string, any>>': init, defaultConfiguration, engine, set, and 63 more.
src/routes/chatbotRoute.ts(12,43): error TS2769: No overload matches this call.
  The last overload gave the following error.
    Argument of type '(req: AuthRequest, res: Response<any, Record<string, any>>) => Promise<Response<any, Record<string, any>> | undefined>' is not assignable to parameter of type 'RequestHandlerParams<ParamsDictionary, any, any, ParsedQs, Record<string, any>>'.
      Type '(req: AuthRequest, res: Response<any, Record<string, any>>) => Promise<Response<any, Record<string, any>> | undefined>' is not assignable to type 'RequestHandler<ParamsDictionary, any, any, ParsedQs, Record<string, any>>'.
        Types of parameters 'req' and 'req' are incompatible.
          Type 'Request<ParamsDictionary, any, any, ParsedQs, Record<string, any>>' is not assignable to type 'AuthRequest' with 'exactOptionalPropertyTypes: true'. Consider adding 'undefined' to the types of the target's properties.
            Types of property 'user' are incompatible.
              Property 'email' is missing in type '{ id: number; role: string; }' but required in type '{ id: number; email: string; role: string; }'.
src/routes/chatbotRoute.ts(13,40): error TS2769: No overload matches this call.
  The last overload gave the following error.
    Argument of type '(req: AuthRequest, res: Response<any, Record<string, any>>) => Promise<Response<any, Record<string, any>> | undefined>' is not assignable to parameter of type 'RequestHandlerParams<ParamsDictionary, any, any, ParsedQs, Record<string, any>>'.
      Type '(req: AuthRequest, res: Response<any, Record<string, any>>) => Promise<Response<any, Record<string, any>> | undefined>' is not assignable to type 'RequestHandler<ParamsDictionary, any, any, ParsedQs, Record<string, any>>'.
        Types of parameters 'req' and 'req' are incompatible.
          Type 'Request<ParamsDictionary, any, any, ParsedQs, Record<string, any>>' is not assignable to type 'AuthRequest' with 'exactOptionalPropertyTypes: true'. Consider adding 'undefined' to the types of the target's properties.
            Types of property 'user' are incompatible.
              Property 'email' is missing in type '{ id: number; role: string; }' but required in type '{ id: number; email: string; role: string; }'.
src/routes/chatbotRoute.ts(16,39): error TS2769: No overload matches this call.
  The last overload gave the following error.
    Argument of type '(req: AuthRequest, res: Response<any, Record<string, any>>) => Promise<Response<any, Record<string, any>> | undefined>' is not assignable to parameter of type 'RequestHandlerParams<ParamsDictionary, any, any, ParsedQs, Record<string, any>>'.
      Type '(req: AuthRequest, res: Response<any, Record<string, any>>) => Promise<Response<any, Record<string, any>> | undefined>' is not assignable to type 'RequestHandler<ParamsDictionary, any, any, ParsedQs, Record<string, any>>'.
        Types of parameters 'req' and 'req' are incompatible.
          Type 'Request<ParamsDictionary, any, any, ParsedQs, Record<string, any>>' is not assignable to type 'AuthRequest' with 'exactOptionalPropertyTypes: true'. Consider adding 'undefined' to the types of the target's properties.
            Types of property 'user' are incompatible.
              Property 'email' is missing in type '{ id: number; role: string; }' but required in type '{ id: number; email: string; role: string; }'.
src/services/langgraphService.ts(75,33): error TS2345: Argument of type '"extract_query"' is not assignable to parameter of type '"__start__" | "__end__"'.
src/services/langgraphService.ts(77,26): error TS2345: Argument of type '"extract_query"' is not assignable to parameter of type '"__start__" | "__start__"[]'.
src/services/langgraphService.ts(78,26): error TS2345: Argument of type '"classify_intent"' is not assignable to parameter of type '"__start__" | "__start__"[]'.
src/services/langgraphService.ts(79,26): error TS2345: Argument of type '"retrieve_context"' is not assignable to parameter of type '"__start__" | "__start__"[]'.
src/services/langgraphService.ts(80,26): error TS2345: Argument of type '"enrich_user_context"' is not assignable to parameter of type '"__start__" | "__start__"[]'.
src/services/langgraphService.ts(81,26): error TS2345: Argument of type '"generate_response"' is not assignable to parameter of type '"__start__" | "__start__"[]'.
src/services/langgraphService.ts(88,25): error TS18048: 'lastMessage' is possibly 'undefined'.
